------------------------------------------------------------
TimeQuest Timing Analyzer Summary
------------------------------------------------------------

Type  : Slow 1200mV 85C Model Setup 'clk'
Slack : -2.546
TNS   : -37.244

Type  : Slow 1200mV 85C Model Setup 'frequency_divider:freq_div|state'
Slack : -0.084
TNS   : -0.084

Type  : Slow 1200mV 85C Model Hold 'clk'
Slack : -0.111
TNS   : -0.111

Type  : Slow 1200mV 85C Model Hold 'frequency_divider:freq_div|state'
Slack : 0.372
TNS   : 0.000

Type  : Slow 1200mV 85C Model Minimum Pulse Width 'clk'
Slack : -3.000
TNS   : -29.000

Type  : Slow 1200mV 85C Model Minimum Pulse Width 'frequency_divider:freq_div|state'
Slack : -1.000
TNS   : -8.000

Type  : Slow 1200mV 0C Model Setup 'clk'
Slack : -2.214
TNS   : -30.221

Type  : Slow 1200mV 0C Model Setup 'frequency_divider:freq_div|state'
Slack : 0.037
TNS   : 0.000

Type  : Slow 1200mV 0C Model Hold 'clk'
Slack : -0.135
TNS   : -0.135

Type  : Slow 1200mV 0C Model Hold 'frequency_divider:freq_div|state'
Slack : 0.331
TNS   : 0.000

Type  : Slow 1200mV 0C Model Minimum Pulse Width 'clk'
Slack : -3.000
TNS   : -29.000

Type  : Slow 1200mV 0C Model Minimum Pulse Width 'frequency_divider:freq_div|state'
Slack : -1.000
TNS   : -8.000

Type  : Fast 1200mV 0C Model Setup 'clk'
Slack : -0.980
TNS   : -10.667

Type  : Fast 1200mV 0C Model Setup 'frequency_divider:freq_div|state'
Slack : 0.391
TNS   : 0.000

Type  : Fast 1200mV 0C Model Hold 'clk'
Slack : -0.164
TNS   : -0.164

Type  : Fast 1200mV 0C Model Hold 'frequency_divider:freq_div|state'
Slack : 0.198
TNS   : 0.000

Type  : Fast 1200mV 0C Model Minimum Pulse Width 'clk'
Slack : -3.000
TNS   : -30.483

Type  : Fast 1200mV 0C Model Minimum Pulse Width 'frequency_divider:freq_div|state'
Slack : -1.000
TNS   : -8.000

------------------------------------------------------------
